// Jest Snapshot v1, https://goo.gl/fbAQLP

exports[`This suit is to test the Body component snapshot 1`] = `
<DocumentFragment>
  <div>
    <h1
      data-testid="header"
    >
      Learn React
    </h1>
    <p
      data-testid="count"
    >
      0
    </p>
    <button
      data-testid="button"
      type="button"
    >
      Tap Me
    </button>
  </div>
</DocumentFragment>
`;
